// Jest Snapshot v1, https://goo.gl/fbAQLP

exports[`it renders correctly 1`] = `
ShallowWrapper {
  "length": 1,
  Symbol(enzyme.__root__): [Circular],
  Symbol(enzyme.__unrendered__): <Home />,
  Symbol(enzyme.__renderer__): Object {
    "batchedUpdates": [Function],
    "getNode": [Function],
    "render": [Function],
    "simulateEvent": [Function],
    "unmount": [Function],
  },
  Symbol(enzyme.__node__): Object {
    "instance": null,
    "key": undefined,
    "nodeType": "host",
    "props": Object {
      "children": Array [
        <Jss(Header)
          string="earworm"
/>,
        <h3
          className="subheader"
>
          Search for a song on Spotify and view the audio features of that song.
</h3>,
        <SearchBar
          closeIcon={
                    <NavigationClose
                              color="#9e9e9e"
                    />
          }
          dataSource={Array []}
          dataSourceConfig={
                    Object {
                              "text": "text",
                              "value": "value",
                            }
          }
          disabled={false}
          hintText="Search"
          onChange={[Function]}
          onRequestSearch={[Function]}
          onSubmit={[Function]}
          searchIcon={
                    <ActionSearch
                              color="#9e9e9e"
                    />
          }
          spellCheck={false}
          style={
                    Object {
                              "margin": "0 auto",
                              "marginTop": 50,
                              "maxWidth": 800,
                            }
          }
          value=""
/>,
      ],
    },
    "ref": null,
    "rendered": Array [
      Object {
        "instance": null,
        "key": undefined,
        "nodeType": "class",
        "props": Object {
          "string": "earworm",
        },
        "ref": null,
        "rendered": null,
        "type": [Function],
      },
      Object {
        "instance": null,
        "key": undefined,
        "nodeType": "host",
        "props": Object {
          "children": "Search for a song on Spotify and view the audio features of that song.",
          "className": "subheader",
        },
        "ref": null,
        "rendered": "Search for a song on Spotify and view the audio features of that song.",
        "type": "h3",
      },
      Object {
        "instance": null,
        "key": undefined,
        "nodeType": "class",
        "props": Object {
          "closeIcon": <NavigationClose
            color="#9e9e9e"
/>,
          "dataSource": Array [],
          "dataSourceConfig": Object {
            "text": "text",
            "value": "value",
          },
          "disabled": false,
          "hintText": "Search",
          "onChange": [Function],
          "onRequestSearch": [Function],
          "onSubmit": [Function],
          "searchIcon": <ActionSearch
            color="#9e9e9e"
/>,
          "spellCheck": false,
          "style": Object {
            "margin": "0 auto",
            "marginTop": 50,
            "maxWidth": 800,
          },
          "value": "",
        },
        "ref": null,
        "rendered": null,
        "type": [Function],
      },
    ],
    "type": "div",
  },
  Symbol(enzyme.__nodes__): Array [
    Object {
      "instance": null,
      "key": undefined,
      "nodeType": "host",
      "props": Object {
        "children": Array [
          <Jss(Header)
            string="earworm"
/>,
          <h3
            className="subheader"
>
            Search for a song on Spotify and view the audio features of that song.
</h3>,
          <SearchBar
            closeIcon={
                        <NavigationClose
                                    color="#9e9e9e"
                        />
            }
            dataSource={Array []}
            dataSourceConfig={
                        Object {
                                    "text": "text",
                                    "value": "value",
                                  }
            }
            disabled={false}
            hintText="Search"
            onChange={[Function]}
            onRequestSearch={[Function]}
            onSubmit={[Function]}
            searchIcon={
                        <ActionSearch
                                    color="#9e9e9e"
                        />
            }
            spellCheck={false}
            style={
                        Object {
                                    "margin": "0 auto",
                                    "marginTop": 50,
                                    "maxWidth": 800,
                                  }
            }
            value=""
/>,
        ],
      },
      "ref": null,
      "rendered": Array [
        Object {
          "instance": null,
          "key": undefined,
          "nodeType": "class",
          "props": Object {
            "string": "earworm",
          },
          "ref": null,
          "rendered": null,
          "type": [Function],
        },
        Object {
          "instance": null,
          "key": undefined,
          "nodeType": "host",
          "props": Object {
            "children": "Search for a song on Spotify and view the audio features of that song.",
            "className": "subheader",
          },
          "ref": null,
          "rendered": "Search for a song on Spotify and view the audio features of that song.",
          "type": "h3",
        },
        Object {
          "instance": null,
          "key": undefined,
          "nodeType": "class",
          "props": Object {
            "closeIcon": <NavigationClose
              color="#9e9e9e"
/>,
            "dataSource": Array [],
            "dataSourceConfig": Object {
              "text": "text",
              "value": "value",
            },
            "disabled": false,
            "hintText": "Search",
            "onChange": [Function],
            "onRequestSearch": [Function],
            "onSubmit": [Function],
            "searchIcon": <ActionSearch
              color="#9e9e9e"
/>,
            "spellCheck": false,
            "style": Object {
              "margin": "0 auto",
              "marginTop": 50,
              "maxWidth": 800,
            },
            "value": "",
          },
          "ref": null,
          "rendered": null,
          "type": [Function],
        },
      ],
      "type": "div",
    },
  ],
  Symbol(enzyme.__options__): Object {
    "adapter": ReactSixteenAdapter {
      "options": Object {
        "enableComponentDidUpdateOnSetState": true,
      },
    },
  },
}
`;
