// Jest Snapshot v1, https://goo.gl/fbAQLP

exports[`it renders correctly 1`] = `
ShallowWrapper {
  "length": 1,
  Symbol(enzyme.__root__): [Circular],
  Symbol(enzyme.__unrendered__): <Jss(SearchResults)
    handleClick={[Function]}
    results={
        Array [
            Object {
              "artist": "Luis Fonsi",
              "id": "6rPO02ozF3bM7NnOV4h6s2",
              "name": "Despacito - Remix",
            },
            Object {
              "artist": "Luis Fonsi",
              "id": "7CUYHcu0RnbOnMz4RuN07w",
              "name": "Despacito (Featuring Daddy Yankee)",
            },
            Object {
              "artist": "Madilyn Bailey",
              "id": "4vxA3aI7l73i0Hi819OQhH",
              "name": "Despacito",
            },
          ]
    }
/>,
  Symbol(enzyme.__renderer__): Object {
    "batchedUpdates": [Function],
    "getNode": [Function],
    "render": [Function],
    "simulateEvent": [Function],
    "unmount": [Function],
  },
  Symbol(enzyme.__node__): Object {
    "instance": null,
    "key": undefined,
    "nodeType": "function",
    "props": Object {
      "classes": Object {
        "p": "SearchResults-p-0-2",
        "searchResultsContainer": "SearchResults-searchResultsContainer-0-1",
      },
      "handleClick": [Function],
      "results": Array [
        Object {
          "artist": "Luis Fonsi",
          "id": "6rPO02ozF3bM7NnOV4h6s2",
          "name": "Despacito - Remix",
        },
        Object {
          "artist": "Luis Fonsi",
          "id": "7CUYHcu0RnbOnMz4RuN07w",
          "name": "Despacito (Featuring Daddy Yankee)",
        },
        Object {
          "artist": "Madilyn Bailey",
          "id": "4vxA3aI7l73i0Hi819OQhH",
          "name": "Despacito",
        },
      ],
    },
    "ref": null,
    "rendered": null,
    "type": [Function],
  },
  Symbol(enzyme.__nodes__): Array [
    Object {
      "instance": null,
      "key": undefined,
      "nodeType": "function",
      "props": Object {
        "classes": Object {
          "p": "SearchResults-p-0-2",
          "searchResultsContainer": "SearchResults-searchResultsContainer-0-1",
        },
        "handleClick": [Function],
        "results": Array [
          Object {
            "artist": "Luis Fonsi",
            "id": "6rPO02ozF3bM7NnOV4h6s2",
            "name": "Despacito - Remix",
          },
          Object {
            "artist": "Luis Fonsi",
            "id": "7CUYHcu0RnbOnMz4RuN07w",
            "name": "Despacito (Featuring Daddy Yankee)",
          },
          Object {
            "artist": "Madilyn Bailey",
            "id": "4vxA3aI7l73i0Hi819OQhH",
            "name": "Despacito",
          },
        ],
      },
      "ref": null,
      "rendered": null,
      "type": [Function],
    },
  ],
  Symbol(enzyme.__options__): Object {
    "adapter": ReactSixteenAdapter {
      "options": Object {
        "enableComponentDidUpdateOnSetState": true,
      },
    },
  },
}
`;
