// Jest Snapshot v1, https://goo.gl/fbAQLP

exports[`it renders correctly 1`] = `
<div>
  <h1>
    Home
  </h1>
  <button>
    <a
      href="http://localhost:3001/auth/spotify"
    >
      Login with Spotify
    </a>
  </button>
  <form
    onSubmit={[Function]}
  >
    <input
      onChange={[Function]}
      type="text"
      value=""
    />
    <input
      type="submit"
      value="Submit"
    />
  </form>
</div>
`;
